[2026-09-19T11:27:45Z] === ENRICH ITERATION 1 START | repo=Python-Markdown/markdown sha=1d41f13c ===
[2026-09-19T11:27:45Z] [iter=1] PHASE START: enrich repo=Python-Markdown/markdown sha=1d41f13c runlog=/home/runner/work/forx/forx/storage/aggregate/lsp/logs/1d41f13c-enrich-iter-001.log output=/home/runner/work/forx/forx/storage/aggregate/lsp/1d41f13c774696d651921601c827ed500e2aa285.nq.gz
[2026-09-19T11:27:45Z] [iter=1] Step 1: Loading AST into disk-backed store mem_mb=78 MB
[2026-09-19T11:27:51Z] [iter=1] AST store loaded triples=519921 load_secs=5 mem_mb=824 MB
[2026-09-19T11:27:51Z] [iter=1] Step 2: Finding LSP targets mem_mb=824 MB
[2026-09-19T11:27:52Z] [iter=1] LSP targets found call_sites=3848 imports=1 extends=1 implements=0 secs=2
[2026-09-19T11:27:53Z] [iter=1] Step 2.7: Building position index (one-shot, shared across resolvers) mem_mb=824 MB
[2026-09-19T11:27:56Z] [iter=1] Position index built positions=37050 nodes_with_types=48031 secs=3 mem_mb=824 MB
[2026-09-19T11:27:56Z] [iter=1] Step 3: Starting LSP resolution mem_mb=824 MB already_completed_types=[] already_completed_files=0
[2026-09-19T11:27:56Z] [iter=1] Resolving target type target_type=call_site count=3848
[2026-09-19T11:28:19Z] [iter=1] HEARTBEAT target_type=call_site elapsed_min=0.6 files_done=3 resolved=191 errors=70 current=tests/test_syntax/blocks/test_html_blocks.py
[2026-09-19T11:29:08Z] [iter=1] HEARTBEAT target_type=call_site elapsed_min=1.4 files_done=4 resolved=192 errors=307 current=tests/test_syntax/blocks/test_headers.py
[2026-09-19T11:29:39Z] [iter=1] HEARTBEAT target_type=call_site elapsed_min=1.9 files_done=7 resolved=303 errors=447 current=tests/test_apis.py
[2026-09-19T11:30:24Z] [iter=1] HEARTBEAT target_type=call_site elapsed_min=2.7 files_done=8 resolved=588 errors=657 current=tests/test_extensions.py
[2026-09-19T11:31:09Z] [iter=1] HEARTBEAT target_type=call_site elapsed_min=3.4 files_done=10 resolved=673 errors=872 current=tests/test_syntax/inline/test_emphasis.py
[2026-09-19T11:31:42Z] [iter=1] HEARTBEAT target_type=call_site elapsed_min=4.0 files_done=13 resolved=828 errors=997 current=markdown/extensions/toc.py
[2026-09-19T11:32:22Z] [iter=1] HEARTBEAT target_type=call_site elapsed_min=4.6 files_done=19 resolved=1058 errors=1164 current=markdown/__main__.py
[2026-09-19T11:33:02Z] [iter=1] HEARTBEAT target_type=call_site elapsed_min=5.3 files_done=24 resolved=1127 errors=1353 current=tests/test_syntax/blocks/test_code_blocks.py
[2026-09-19T11:33:40Z] [iter=1] HEARTBEAT target_type=call_site elapsed_min=5.9 files_done=33 resolved=1359 errors=1508 current=markdown/extensions/legacy_em.py
[2026-09-19T11:34:15Z] [iter=1] HEARTBEAT target_type=call_site elapsed_min=6.5 files_done=46 resolved=1467 errors=1668 current=markdown/extensions/smarty.py
[2026-09-19T11:34:47Z] [iter=1] HEARTBEAT target_type=call_site elapsed_min=7.0 files_done=56 resolved=1512 errors=1817 current=tests/test_syntax/extensions/test_legacy_em.py
[2026-09-19T11:34:55Z] [iter=1] Target type resolved target_type=call_site resolved=1512 errors=1853 secs=419 mem_mb=824 MB
[2026-09-19T11:34:55Z] [iter=1] Resolving target type target_type=import_statement count=1
[2026-09-19T11:34:56Z] [iter=1] Target type resolved target_type=import_statement resolved=1 errors=0 secs=1 mem_mb=824 MB
[2026-09-19T11:34:56Z] [iter=1] Resolving target type target_type=extends_clause count=1
[2026-09-19T11:34:57Z] [iter=1] Target type resolved target_type=extends_clause resolved=1 errors=0 secs=1 mem_mb=824 MB
[2026-09-19T11:35:01Z] [iter=1] Step 5: Writing final enrichment file triples=31750
[2026-09-19T11:35:01Z] [iter=1] Enrichment file written path=/home/runner/work/forx/forx/storage/aggregate/lsp/1d41f13c774696d651921601c827ed500e2aa285.nq.gz size_kb=620
[2026-09-19T11:35:01Z] [iter=1] PHASE END: enrich elapsed_s=436 elapsed_min=7.3 total_triples=31750
