[2026-09-19T12:53:46Z] === ENRICH ITERATION 1 START | repo=Python-Markdown/markdown sha=447da662 ===
[2026-09-19T12:53:46Z] [iter=1] PHASE START: enrich repo=Python-Markdown/markdown sha=447da662 runlog=/home/runner/work/forx/forx/storage/aggregate/lsp/logs/447da662-enrich-iter-001.log output=/home/runner/work/forx/forx/storage/aggregate/lsp/447da662b0c9548941a44a911e45c7cf6ad32861.nq.gz
[2026-09-19T12:53:46Z] [iter=1] Step 1: Loading AST into disk-backed store mem_mb=78 MB
[2026-09-19T12:53:52Z] [iter=1] AST store loaded triples=506949 load_secs=5 mem_mb=823 MB
[2026-09-19T12:53:52Z] [iter=1] Step 2: Finding LSP targets mem_mb=823 MB
[2026-09-19T12:53:53Z] [iter=1] LSP targets found call_sites=3772 imports=0 extends=0 implements=0 secs=1
[2026-09-19T12:53:54Z] [iter=1] Step 2.7: Building position index (one-shot, shared across resolvers) mem_mb=823 MB
[2026-09-19T12:53:57Z] [iter=1] Position index built positions=36085 nodes_with_types=46801 secs=3 mem_mb=823 MB
[2026-09-19T12:53:57Z] [iter=1] Step 3: Starting LSP resolution mem_mb=823 MB already_completed_types=[] already_completed_files=0
[2026-09-19T12:53:57Z] [iter=1] Resolving target type target_type=call_site count=3772
[2026-09-19T12:54:44Z] [iter=1] HEARTBEAT target_type=call_site elapsed_min=1.0 files_done=1 resolved=285 errors=210 current=tests/test_syntax/extensions/test_abbr.py
[2026-09-19T12:55:20Z] [iter=1] HEARTBEAT target_type=call_site elapsed_min=1.6 files_done=3 resolved=289 errors=382 current=tests/test_extensions.py
[2026-09-19T12:55:56Z] [iter=1] HEARTBEAT target_type=call_site elapsed_min=2.2 files_done=6 resolved=527 errors=533 current=markdown/inlinepatterns.py
[2026-09-19T12:56:28Z] [iter=1] HEARTBEAT target_type=call_site elapsed_min=2.7 files_done=10 resolved=706 errors=661 current=markdown/extensions/attr_list.py
[2026-09-19T12:57:35Z] [iter=1] HEARTBEAT target_type=call_site elapsed_min=3.8 files_done=17 resolved=942 errors=954 current=markdown/extensions/toc.py
[2026-09-19T12:58:07Z] [iter=1] HEARTBEAT target_type=call_site elapsed_min=4.3 files_done=22 resolved=1113 errors=1086 current=markdown/test_tools.py
[2026-09-19T12:58:40Z] [iter=1] HEARTBEAT target_type=call_site elapsed_min=4.9 files_done=25 resolved=1189 errors=1227 current=markdown/extensions/fenced_code.py
[2026-09-19T12:59:28Z] [iter=1] HEARTBEAT target_type=call_site elapsed_min=5.7 files_done=37 resolved=1351 errors=1452 current=markdown/extensions/md_in_html.py
[2026-09-19T13:00:07Z] [iter=1] HEARTBEAT target_type=call_site elapsed_min=6.3 files_done=43 resolved=1429 errors=1635 current=tests/test_syntax/extensions/test_legacy_em.py
[2026-09-19T13:00:37Z] [iter=1] HEARTBEAT target_type=call_site elapsed_min=6.9 files_done=60 resolved=1520 errors=1770 current=tests/test_syntax/inline/test_raw_html.py
[2026-09-19T13:00:39Z] [iter=1] Target type resolved target_type=call_site resolved=1520 errors=1776 secs=402 mem_mb=823 MB
[2026-09-19T13:00:42Z] [iter=1] Step 5: Writing final enrichment file triples=31255
[2026-09-19T13:00:43Z] [iter=1] Enrichment file written path=/home/runner/work/forx/forx/storage/aggregate/lsp/447da662b0c9548941a44a911e45c7cf6ad32861.nq.gz size_kb=601
[2026-09-19T13:00:43Z] [iter=1] PHASE END: enrich elapsed_s=417 elapsed_min=6.9 total_triples=31255
