[2026-09-19T17:16:31Z] === ENRICH ITERATION 1 START | repo=Python-Markdown/markdown sha=58b4d64d ===
[2026-09-19T17:16:31Z] [iter=1] PHASE START: enrich repo=Python-Markdown/markdown sha=58b4d64d runlog=/home/runner/work/forx/forx/storage/aggregate/lsp/logs/58b4d64d-enrich-iter-001.log output=/home/runner/work/forx/forx/storage/aggregate/lsp/58b4d64db00ef50c090a9da4bc303c5e840c5c9f.nq.gz
[2026-09-19T17:16:31Z] [iter=1] Step 1: Loading AST into disk-backed store mem_mb=78 MB
[2026-09-19T17:16:34Z] [iter=1] AST store loaded triples=396229 load_secs=3 mem_mb=629 MB
[2026-09-19T17:16:34Z] [iter=1] Step 2: Finding LSP targets mem_mb=629 MB
[2026-09-19T17:16:35Z] [iter=1] LSP targets found call_sites=2885 imports=0 extends=0 implements=0 secs=1
[2026-09-19T17:16:36Z] [iter=1] Step 2.7: Building position index (one-shot, shared across resolvers) mem_mb=629 MB
[2026-09-19T17:16:38Z] [iter=1] Position index built positions=27996 nodes_with_types=36271 secs=2 mem_mb=629 MB
[2026-09-19T17:16:38Z] [iter=1] Step 3: Starting LSP resolution mem_mb=629 MB already_completed_types=[] already_completed_files=0
[2026-09-19T17:16:38Z] [iter=1] Resolving target type target_type=call_site count=2885
[2026-09-19T17:17:14Z] [iter=1] HEARTBEAT target_type=call_site elapsed_min=0.7 files_done=2 resolved=115 errors=210 current=tests/test_syntax/blocks/test_paragraphs.py
[2026-09-19T17:17:50Z] [iter=1] HEARTBEAT target_type=call_site elapsed_min=1.3 files_done=6 resolved=409 errors=359 current=markdown/extensions/attr_list.py
[2026-09-19T17:18:36Z] [iter=1] HEARTBEAT target_type=call_site elapsed_min=2.1 files_done=9 resolved=757 errors=614 current=markdown/core.py
[2026-09-19T17:19:07Z] [iter=1] HEARTBEAT target_type=call_site elapsed_min=2.6 files_done=14 resolved=924 errors=783 current=markdown/extensions/__init__.py
[2026-09-19T17:19:38Z] [iter=1] HEARTBEAT target_type=call_site elapsed_min=3.1 files_done=24 resolved=1187 errors=922 current=markdown/extensions/extra.py
[2026-09-19T17:20:08Z] [iter=1] HEARTBEAT target_type=call_site elapsed_min=3.6 files_done=41 resolved=1395 errors=1067 current=markdown/__init__.py
[2026-09-19T17:20:13Z] [iter=1] Target type resolved target_type=call_site resolved=1400 errors=1092 secs=215 mem_mb=629 MB
[2026-09-19T17:20:15Z] [iter=1] Step 5: Writing final enrichment file triples=25344
[2026-09-19T17:20:16Z] [iter=1] Enrichment file written path=/home/runner/work/forx/forx/storage/aggregate/lsp/58b4d64db00ef50c090a9da4bc303c5e840c5c9f.nq.gz size_kb=481
[2026-09-19T17:20:16Z] [iter=1] PHASE END: enrich elapsed_s=225 elapsed_min=3.8 total_triples=25344
