[2026-09-19T11:53:01Z] === ENRICH ITERATION 1 START | repo=Python-Markdown/markdown sha=aab33ac8 ===
[2026-09-19T11:53:01Z] [iter=1] PHASE START: enrich repo=Python-Markdown/markdown sha=aab33ac8 runlog=/home/runner/work/forx/forx/storage/aggregate/lsp/logs/aab33ac8-enrich-iter-001.log output=/home/runner/work/forx/forx/storage/aggregate/lsp/aab33ac8a27d1d768949db9c1734931e442e0157.nq.gz
[2026-09-19T11:53:01Z] [iter=1] Step 1: Loading AST into disk-backed store mem_mb=78 MB
[2026-09-19T11:53:07Z] [iter=1] AST store loaded triples=519921 load_secs=6 mem_mb=825 MB
[2026-09-19T11:53:07Z] [iter=1] Step 2: Finding LSP targets mem_mb=825 MB
[2026-09-19T11:53:09Z] [iter=1] LSP targets found call_sites=3848 imports=1 extends=1 implements=0 secs=1
[2026-09-19T11:53:10Z] [iter=1] Step 2.7: Building position index (one-shot, shared across resolvers) mem_mb=825 MB
[2026-09-19T11:53:13Z] [iter=1] Position index built positions=37050 nodes_with_types=48031 secs=3 mem_mb=825 MB
[2026-09-19T11:53:13Z] [iter=1] Step 3: Starting LSP resolution mem_mb=825 MB already_completed_types=[] already_completed_files=0
[2026-09-19T11:53:13Z] [iter=1] Resolving target type target_type=call_site count=3848
[2026-09-19T11:53:48Z] [iter=1] HEARTBEAT target_type=call_site elapsed_min=0.8 files_done=3 resolved=229 errors=126 current=markdown/__main__.py
[2026-09-19T11:54:57Z] [iter=1] HEARTBEAT target_type=call_site elapsed_min=1.9 files_done=8 resolved=322 errors=447 current=markdown/extensions/tables.py
[2026-09-19T11:55:43Z] [iter=1] HEARTBEAT target_type=call_site elapsed_min=2.7 files_done=12 resolved=539 errors=632 current=markdown/extensions/fenced_code.py
[2026-09-19T11:56:13Z] [iter=1] HEARTBEAT target_type=call_site elapsed_min=3.2 files_done=17 resolved=763 errors=756 current=markdown/extensions/md_in_html.py
[2026-09-19T11:57:10Z] [iter=1] HEARTBEAT target_type=call_site elapsed_min=4.1 files_done=19 resolved=1116 errors=1017 current=markdown/extensions/codehilite.py
[2026-09-19T11:58:01Z] [iter=1] HEARTBEAT target_type=call_site elapsed_min=5.0 files_done=25 resolved=1281 errors=1235 current=tests/test_syntax/extensions/test_abbr.py
[2026-09-19T11:58:35Z] [iter=1] HEARTBEAT target_type=call_site elapsed_min=5.6 files_done=30 resolved=1379 errors=1387 current=tests/test_syntax/inline/test_links.py
[2026-09-19T11:59:20Z] [iter=1] HEARTBEAT target_type=call_site elapsed_min=6.3 files_done=35 resolved=1392 errors=1596 current=markdown/extensions/abbr.py
[2026-09-19T11:59:54Z] [iter=1] HEARTBEAT target_type=call_site elapsed_min=6.9 files_done=45 resolved=1451 errors=1756 current=markdown/extensions/sane_lists.py
[2026-09-19T12:00:17Z] [iter=1] Target type resolved target_type=call_site resolved=1513 errors=1853 secs=424 mem_mb=825 MB
[2026-09-19T12:00:17Z] [iter=1] Resolving target type target_type=import_statement count=1
[2026-09-19T12:00:18Z] [iter=1] Target type resolved target_type=import_statement resolved=1 errors=0 secs=1 mem_mb=825 MB
[2026-09-19T12:00:18Z] [iter=1] Resolving target type target_type=extends_clause count=1
[2026-09-19T12:00:19Z] [iter=1] Target type resolved target_type=extends_clause resolved=1 errors=0 secs=1 mem_mb=825 MB
[2026-09-19T12:00:22Z] [iter=1] Step 5: Writing final enrichment file triples=31757
[2026-09-19T12:00:23Z] [iter=1] Enrichment file written path=/home/runner/work/forx/forx/storage/aggregate/lsp/aab33ac8a27d1d768949db9c1734931e442e0157.nq.gz size_kb=620
[2026-09-19T12:00:23Z] [iter=1] PHASE END: enrich elapsed_s=442 elapsed_min=7.4 total_triples=31757
