[2026-09-24T12:40:00Z] === ENRICH ITERATION 1 START | repo=Python-Markdown/markdown sha=c84c8280 ===
[2026-09-24T12:40:00Z] [iter=1] PHASE START: enrich repo=Python-Markdown/markdown sha=c84c8280 runlog=/home/runner/work/forx/forx/storage/aggregate/lsp/logs/c84c8280-enrich-iter-001.log output=/home/runner/work/forx/forx/storage/aggregate/lsp/c84c8280cd71aef3191529ba286ebe85714365b2.nq.gz
[2026-09-24T12:40:00Z] [iter=1] Step 1: Loading AST into disk-backed store mem_mb=78 MB
[2026-09-24T12:40:01Z] [iter=1] AST store loaded triples=205463 load_secs=1 mem_mb=366 MB
[2026-09-24T12:40:01Z] [iter=1] Step 2: Finding LSP targets mem_mb=366 MB
[2026-09-24T12:40:02Z] [iter=1] LSP targets found call_sites=1479 imports=22 extends=3 implements=0 secs=1
[2026-09-24T12:40:02Z] [iter=1] Step 2.7: Building position index (one-shot, shared across resolvers) mem_mb=366 MB
[2026-09-24T12:40:03Z] [iter=1] Position index built positions=14410 nodes_with_types=18595 secs=1 mem_mb=366 MB
[2026-09-24T12:40:03Z] [iter=1] Step 3: Starting LSP resolution mem_mb=366 MB already_completed_types=[] already_completed_files=0
[2026-09-24T12:40:03Z] [iter=1] Resolving target type target_type=call_site count=1479
[2026-09-24T12:40:33Z] [iter=1] HEARTBEAT target_type=call_site elapsed_min=0.6 files_done=9 resolved=394 errors=190 current=markdown/commandline.py
[2026-09-24T12:41:03Z] [iter=1] Target type resolved target_type=call_site resolved=802 errors=370 secs=60 mem_mb=366 MB
[2026-09-24T12:41:03Z] [iter=1] Resolving target type target_type=import_statement count=22
[2026-09-24T12:41:04Z] [iter=1] HEARTBEAT target_type=import_statement elapsed_min=1.1 files_done=0 resolved=0 errors=0 current=markdown/__init__.py
[2026-09-24T12:41:05Z] [iter=1] Target type resolved target_type=import_statement resolved=22 errors=0 secs=1 mem_mb=366 MB
[2026-09-24T12:41:05Z] [iter=1] Resolving target type target_type=extends_clause count=3
[2026-09-24T12:41:06Z] [iter=1] Target type resolved target_type=extends_clause resolved=2 errors=0 secs=1 mem_mb=366 MB
[2026-09-24T12:41:08Z] [iter=1] Step 5: Writing final enrichment file triples=13325
[2026-09-24T12:41:08Z] [iter=1] Enrichment file written path=/home/runner/work/forx/forx/storage/aggregate/lsp/c84c8280cd71aef3191529ba286ebe85714365b2.nq.gz size_kb=232
[2026-09-24T12:41:08Z] [iter=1] PHASE END: enrich elapsed_s=68 elapsed_min=1.1 total_triples=13325
