[2026-09-18T11:03:17Z] === ENRICH ITERATION 1 START | repo=Python-Markdown/markdown sha=f39cf84a ===
[2026-09-18T11:03:17Z] [iter=1] PHASE START: enrich repo=Python-Markdown/markdown sha=f39cf84a runlog=/home/runner/work/forx/forx/storage/aggregate/lsp/logs/f39cf84a-enrich-iter-001.log output=/home/runner/work/forx/forx/storage/aggregate/lsp/f39cf84a24124526c1a0efbe52219fa9950774f6.nq.gz
[2026-09-18T11:03:26Z] [iter=1] Step 1: Loading AST into disk-backed store mem_mb=79 MB
[2026-09-18T11:03:31Z] [iter=1] AST store loaded triples=623441 load_secs=4 mem_mb=828 MB
[2026-09-18T11:03:31Z] [iter=1] Step 2: Finding LSP targets mem_mb=828 MB
[2026-09-18T11:03:33Z] [iter=1] LSP targets found call_sites=4242 imports=147 extends=85 implements=0 secs=2
[2026-09-18T11:03:34Z] [iter=1] Step 2.7: Building position index (one-shot, shared across resolvers) mem_mb=828 MB
[2026-09-18T11:03:38Z] [iter=1] Position index built positions=44432 nodes_with_types=57662 secs=3 mem_mb=828 MB
[2026-09-18T11:03:38Z] [iter=1] Step 3: Starting LSP resolution mem_mb=828 MB already_completed_types=[] already_completed_files=0
[2026-09-18T11:03:38Z] [iter=1] Resolving target type target_type=call_site count=4242
[2026-09-18T11:04:41Z] [iter=1] HEARTBEAT target_type=call_site elapsed_min=1.4 files_done=1 resolved=1 errors=245 current=markdown/extensions/admonition.py
[2026-09-18T11:06:28Z] [iter=1] HEARTBEAT target_type=call_site elapsed_min=3.2 files_done=4 resolved=158 errors=670 current=markdown/core.py
[2026-09-18T11:07:27Z] [iter=1] HEARTBEAT target_type=call_site elapsed_min=4.2 files_done=6 resolved=182 errors=907 current=markdown/blockprocessors.py
[2026-09-18T11:08:06Z] [iter=1] HEARTBEAT target_type=call_site elapsed_min=4.8 files_done=7 resolved=230 errors=1068 current=markdown/preprocessors.py
[2026-09-18T11:08:43Z] [iter=1] HEARTBEAT target_type=call_site elapsed_min=5.4 files_done=11 resolved=420 errors=1208 current=tests/test_syntax/extensions/test_code_hilite.py
[2026-09-18T11:09:15Z] [iter=1] HEARTBEAT target_type=call_site elapsed_min=6.0 files_done=13 resolved=425 errors=1337 current=markdown/extensions/footnotes.py
[2026-09-18T11:09:51Z] [iter=1] HEARTBEAT target_type=call_site elapsed_min=6.6 files_done=15 resolved=566 errors=1474 current=markdown/extensions/meta.py
[2026-09-18T11:10:52Z] [iter=1] HEARTBEAT target_type=call_site elapsed_min=7.6 files_done=18 resolved=630 errors=1721 current=tests/test_syntax/extensions/test_md_in_html.py
[2026-09-18T11:11:39Z] [iter=1] HEARTBEAT target_type=call_site elapsed_min=8.4 files_done=19 resolved=632 errors=1911 current=tests/test_syntax/blocks/test_paragraphs.py
[2026-09-18T11:12:24Z] [iter=1] HEARTBEAT target_type=call_site elapsed_min=9.1 files_done=24 resolved=754 errors=2092 current=scripts/gen_ref_nav.py
[2026-09-18T11:12:58Z] [iter=1] HEARTBEAT target_type=call_site elapsed_min=9.7 files_done=29 resolved=887 errors=2220 current=markdown/extensions/toc.py
[2026-09-18T11:13:36Z] [iter=1] HEARTBEAT target_type=call_site elapsed_min=10.3 files_done=31 resolved=934 errors=2377 current=tests/test_syntax/blocks/test_headers.py
[2026-09-18T11:14:12Z] [iter=1] HEARTBEAT target_type=call_site elapsed_min=10.9 files_done=33 resolved=936 errors=2521 current=tests/test_syntax/extensions/test_footnotes.py
[2026-09-18T11:14:43Z] [iter=1] HEARTBEAT target_type=call_site elapsed_min=11.4 files_done=40 resolved=1012 errors=2642 current=tests/test_syntax/extensions/test_tables.py
[2026-09-18T11:15:17Z] [iter=1] HEARTBEAT target_type=call_site elapsed_min=12.0 files_done=45 resolved=1068 errors=2765 current=markdown/extensions/smarty.py
[2026-09-18T11:15:47Z] [iter=1] HEARTBEAT target_type=call_site elapsed_min=12.5 files_done=54 resolved=1101 errors=2886 current=markdown/extensions/wikilinks.py
[2026-09-18T11:16:08Z] [iter=1] Target type resolved target_type=call_site resolved=1138 errors=2969 secs=751 mem_mb=828 MB
[2026-09-18T11:16:08Z] [iter=1] Resolving target type target_type=import_statement count=147
[2026-09-18T11:16:11Z] [iter=1] Target type resolved target_type=import_statement resolved=143 errors=0 secs=2 mem_mb=828 MB
[2026-09-18T11:16:11Z] [iter=1] Resolving target type target_type=extends_clause count=85
[2026-09-18T11:16:13Z] [iter=1] Target type resolved target_type=extends_clause resolved=83 errors=0 secs=2 mem_mb=828 MB
[2026-09-18T11:16:17Z] [iter=1] Step 5: Writing final enrichment file triples=39649
[2026-09-18T11:16:18Z] [iter=1] Enrichment file written path=/home/runner/work/forx/forx/storage/aggregate/lsp/f39cf84a24124526c1a0efbe52219fa9950774f6.nq.gz size_kb=827
[2026-09-18T11:16:18Z] [iter=1] PHASE END: enrich elapsed_s=781 elapsed_min=13.0 total_triples=39649
